>function y = controlFlow(varargin)
#^^^^^^^^ source.matlab meta.function.matlab storage.type.function.matlab
#        ^ source.matlab meta.function.matlab
#         ^ source.matlab meta.function.matlab meta.function.declaration.matlab meta.assignment.variable.output.matlab variable.parameter.output.matlab
#          ^ source.matlab meta.function.matlab meta.function.declaration.matlab
#           ^ source.matlab meta.function.matlab meta.function.declaration.matlab keyword.operator.assignment.matlab
#            ^ source.matlab meta.function.matlab meta.function.declaration.matlab
#             ^^^^^^^^^^^ source.matlab meta.function.matlab meta.function.declaration.matlab entity.name.function.matlab
#                        ^ source.matlab meta.function.matlab meta.function.declaration.matlab meta.parameters.matlab punctuation.definition.parameters.begin.matlab
#                         ^^^^^^^^ source.matlab meta.function.matlab meta.function.declaration.matlab meta.parameters.matlab variable.parameter.input.matlab
#                                 ^ source.matlab meta.function.matlab meta.function.declaration.matlab meta.parameters.matlab punctuation.definition.parameters.end.matlab
>%% Logic based on nargin
#^^ source.matlab meta.function.matlab comment.line.double-percentage.matlab punctuation.definition.comment.matlab
#  ^ source.matlab meta.function.matlab comment.line.double-percentage.matlab punctuation.whitespace.comment.leading.matlab
#   ^^^^^^^^^^^^^^^^^^^^^ source.matlab meta.function.matlab comment.line.double-percentage.matlab entity.name.section.matlab
>switch nargin
#^^^^^^ source.matlab meta.function.matlab meta.switch.matlab keyword.control.switch.matlab
#      ^ source.matlab meta.function.matlab meta.switch.matlab meta.switch.declaration.matlab
#       ^^^^^^ source.matlab meta.function.matlab meta.switch.matlab meta.switch.declaration.matlab variable.language.function.matlab
>  case 0
#^^ source.matlab meta.function.matlab meta.switch.matlab meta.case.matlab
#  ^^^^ source.matlab meta.function.matlab meta.switch.matlab meta.case.matlab keyword.control.switch.case.matlab
#      ^ source.matlab meta.function.matlab meta.switch.matlab meta.case.matlab meta.case.declaration.matlab
#       ^ source.matlab meta.function.matlab meta.switch.matlab meta.case.matlab meta.case.declaration.matlab constant.numeric.decimal.matlab
>    return
#^^^^ source.matlab meta.function.matlab meta.switch.matlab meta.case.matlab meta.control.matlab
#    ^^^^^^ source.matlab meta.function.matlab meta.switch.matlab meta.case.matlab meta.control.matlab keyword.control.flow.matlab
>  case 1
#^^ source.matlab meta.function.matlab meta.switch.matlab meta.case.matlab
#  ^^^^ source.matlab meta.function.matlab meta.switch.matlab meta.case.matlab keyword.control.switch.case.matlab
#      ^ source.matlab meta.function.matlab meta.switch.matlab meta.case.matlab meta.case.declaration.matlab
#       ^ source.matlab meta.function.matlab meta.switch.matlab meta.case.matlab meta.case.declaration.matlab constant.numeric.decimal.matlab
>    y = varargin{1};
#^^^^ source.matlab meta.function.matlab meta.switch.matlab meta.case.matlab
#    ^ source.matlab meta.function.matlab meta.switch.matlab meta.case.matlab meta.assignment.variable.single.matlab variable.other.readwrite.matlab
#     ^ source.matlab meta.function.matlab meta.switch.matlab meta.case.matlab
#      ^ source.matlab meta.function.matlab meta.switch.matlab meta.case.matlab keyword.operator.assignment.matlab
#       ^ source.matlab meta.function.matlab meta.switch.matlab meta.case.matlab
#        ^^^^^^^^ source.matlab meta.function.matlab meta.switch.matlab meta.case.matlab variable.language.function.matlab
#                ^ source.matlab meta.function.matlab meta.switch.matlab meta.case.matlab
#                 ^ source.matlab meta.function.matlab meta.switch.matlab meta.case.matlab constant.numeric.decimal.matlab
#                  ^ source.matlab meta.function.matlab meta.switch.matlab meta.case.matlab
#                   ^ source.matlab meta.function.matlab meta.switch.matlab meta.case.matlab punctuation.terminator.semicolon.matlab
>    % Check single-line if inside switch for https://github.com/mathworks/MATLAB-Language-grammar/issues/19
#^^^^ source.matlab meta.function.matlab meta.switch.matlab meta.case.matlab punctuation.whitespace.comment.leading.matlab
#    ^ source.matlab meta.function.matlab meta.switch.matlab meta.case.matlab comment.line.percentage.matlab punctuation.definition.comment.matlab
#     ^^^^^^^^^^^^^^^^^^^^^^^^^^^^^^^^^^^^^^^^^^^^^^^^^^^^^^^^^^^^^^^^^^^^^^^^^^^^^^^^^^^^^^^^^^^^^^^^^^^^^^ source.matlab meta.function.matlab meta.switch.matlab meta.case.matlab comment.line.percentage.matlab
>    if varargin{1} < 0, return; end
#^^^^ source.matlab meta.function.matlab meta.switch.matlab meta.case.matlab meta.if.matlab
#    ^^ source.matlab meta.function.matlab meta.switch.matlab meta.case.matlab meta.if.matlab keyword.control.if.matlab
#      ^ source.matlab meta.function.matlab meta.switch.matlab meta.case.matlab meta.if.matlab meta.if.declaration.matlab
#       ^^^^^^^^ source.matlab meta.function.matlab meta.switch.matlab meta.case.matlab meta.if.matlab meta.if.declaration.matlab variable.language.function.matlab
#               ^ source.matlab meta.function.matlab meta.switch.matlab meta.case.matlab meta.if.matlab meta.if.declaration.matlab
#                ^ source.matlab meta.function.matlab meta.switch.matlab meta.case.matlab meta.if.matlab meta.if.declaration.matlab constant.numeric.decimal.matlab
#                 ^ source.matlab meta.function.matlab meta.switch.matlab meta.case.matlab meta.if.matlab meta.if.declaration.matlab
#                  ^ source.matlab meta.function.matlab meta.switch.matlab meta.case.matlab meta.if.matlab meta.if.declaration.matlab
#                   ^ source.matlab meta.function.matlab meta.switch.matlab meta.case.matlab meta.if.matlab meta.if.declaration.matlab keyword.operator.relational.matlab
#                    ^ source.matlab meta.function.matlab meta.switch.matlab meta.case.matlab meta.if.matlab meta.if.declaration.matlab
#                     ^ source.matlab meta.function.matlab meta.switch.matlab meta.case.matlab meta.if.matlab meta.if.declaration.matlab constant.numeric.decimal.matlab
#                      ^ source.matlab meta.function.matlab meta.switch.matlab meta.case.matlab meta.if.matlab punctuation.separator.comma.matlab
#                       ^ source.matlab meta.function.matlab meta.switch.matlab meta.case.matlab meta.if.matlab meta.control.matlab
#                        ^^^^^^ source.matlab meta.function.matlab meta.switch.matlab meta.case.matlab meta.if.matlab meta.control.matlab keyword.control.flow.matlab
#                              ^ source.matlab meta.function.matlab meta.switch.matlab meta.case.matlab meta.if.matlab punctuation.terminator.semicolon.matlab
#                               ^ source.matlab meta.function.matlab meta.switch.matlab meta.case.matlab meta.if.matlab
#                                ^^^ source.matlab meta.function.matlab meta.switch.matlab meta.case.matlab meta.if.matlab keyword.control.end.if.matlab
>  case 2
#^^ source.matlab meta.function.matlab meta.switch.matlab meta.case.matlab
#  ^^^^ source.matlab meta.function.matlab meta.switch.matlab meta.case.matlab keyword.control.switch.case.matlab
#      ^ source.matlab meta.function.matlab meta.switch.matlab meta.case.matlab meta.case.declaration.matlab
#       ^ source.matlab meta.function.matlab meta.switch.matlab meta.case.matlab meta.case.declaration.matlab constant.numeric.decimal.matlab
>    y = varargin{1} + varargin{2};
#^^^^ source.matlab meta.function.matlab meta.switch.matlab meta.case.matlab
#    ^ source.matlab meta.function.matlab meta.switch.matlab meta.case.matlab meta.assignment.variable.single.matlab variable.other.readwrite.matlab
#     ^ source.matlab meta.function.matlab meta.switch.matlab meta.case.matlab
#      ^ source.matlab meta.function.matlab meta.switch.matlab meta.case.matlab keyword.operator.assignment.matlab
#       ^ source.matlab meta.function.matlab meta.switch.matlab meta.case.matlab
#        ^^^^^^^^ source.matlab meta.function.matlab meta.switch.matlab meta.case.matlab variable.language.function.matlab
#                ^ source.matlab meta.function.matlab meta.switch.matlab meta.case.matlab
#                 ^ source.matlab meta.function.matlab meta.switch.matlab meta.case.matlab constant.numeric.decimal.matlab
#                  ^ source.matlab meta.function.matlab meta.switch.matlab meta.case.matlab
#                   ^ source.matlab meta.function.matlab meta.switch.matlab meta.case.matlab
#                    ^ source.matlab meta.function.matlab meta.switch.matlab meta.case.matlab keyword.operator.arithmetic.matlab
#                     ^ source.matlab meta.function.matlab meta.switch.matlab meta.case.matlab
#                      ^^^^^^^^ source.matlab meta.function.matlab meta.switch.matlab meta.case.matlab variable.language.function.matlab
#                              ^ source.matlab meta.function.matlab meta.switch.matlab meta.case.matlab
#                               ^ source.matlab meta.function.matlab meta.switch.matlab meta.case.matlab constant.numeric.decimal.matlab
#                                ^ source.matlab meta.function.matlab meta.switch.matlab meta.case.matlab
#                                 ^ source.matlab meta.function.matlab meta.switch.matlab meta.case.matlab punctuation.terminator.semicolon.matlab
>  otherwise
#^^ source.matlab meta.function.matlab meta.switch.matlab meta.case.matlab
#  ^^^^^^^^^ source.matlab meta.function.matlab meta.switch.matlab meta.otherwise.matlab keyword.control.switch.otherwise.matlab
>end
#^^^ source.matlab meta.function.matlab meta.switch.matlab keyword.control.end.switch.matlab
>try
#^^^ source.matlab meta.function.matlab meta.try.matlab keyword.control.try.matlab
>    if y( end ) < 10
#^^^^ source.matlab meta.function.matlab meta.try.matlab meta.if.matlab
#    ^^ source.matlab meta.function.matlab meta.try.matlab meta.if.matlab keyword.control.if.matlab
#      ^ source.matlab meta.function.matlab meta.try.matlab meta.if.matlab meta.if.declaration.matlab
#       ^ source.matlab meta.function.matlab meta.try.matlab meta.if.matlab meta.if.declaration.matlab meta.function-call.parens.matlab entity.name.function.matlab
#        ^ source.matlab meta.function.matlab meta.try.matlab meta.if.matlab meta.if.declaration.matlab meta.function-call.parens.matlab punctuation.section.parens.begin.matlab
#         ^ source.matlab meta.function.matlab meta.try.matlab meta.if.matlab meta.if.declaration.matlab meta.function-call.parens.matlab
#          ^^^ source.matlab meta.function.matlab meta.try.matlab meta.if.matlab meta.if.declaration.matlab meta.function-call.parens.matlab keyword.operator.word.matlab
#             ^ source.matlab meta.function.matlab meta.try.matlab meta.if.matlab meta.if.declaration.matlab meta.function-call.parens.matlab
#              ^ source.matlab meta.function.matlab meta.try.matlab meta.if.matlab meta.if.declaration.matlab meta.function-call.parens.matlab punctuation.section.parens.end.matlab
#               ^ source.matlab meta.function.matlab meta.try.matlab meta.if.matlab meta.if.declaration.matlab
#                ^ source.matlab meta.function.matlab meta.try.matlab meta.if.matlab meta.if.declaration.matlab keyword.operator.relational.matlab
#                 ^ source.matlab meta.function.matlab meta.try.matlab meta.if.matlab meta.if.declaration.matlab
#                  ^^ source.matlab meta.function.matlab meta.try.matlab meta.if.matlab meta.if.declaration.matlab constant.numeric.decimal.matlab
>        disp('y < 10');
#^^^^^^^^ source.matlab meta.function.matlab meta.try.matlab meta.if.matlab
#        ^^^^ source.matlab meta.function.matlab meta.try.matlab meta.if.matlab meta.function-call.parens.matlab entity.name.function.matlab
#            ^ source.matlab meta.function.matlab meta.try.matlab meta.if.matlab meta.function-call.parens.matlab punctuation.section.parens.begin.matlab
#             ^ source.matlab meta.function.matlab meta.try.matlab meta.if.matlab meta.function-call.parens.matlab string.quoted.single.matlab punctuation.definition.string.begin.matlab
#              ^^^^^^ source.matlab meta.function.matlab meta.try.matlab meta.if.matlab meta.function-call.parens.matlab string.quoted.single.matlab
#                    ^ source.matlab meta.function.matlab meta.try.matlab meta.if.matlab meta.function-call.parens.matlab string.quoted.single.matlab punctuation.definition.string.end.matlab
#                     ^ source.matlab meta.function.matlab meta.try.matlab meta.if.matlab meta.function-call.parens.matlab punctuation.section.parens.end.matlab
#                      ^ source.matlab meta.function.matlab meta.try.matlab meta.if.matlab punctuation.terminator.semicolon.matlab
>    elseif y < 20
#^^^^ source.matlab meta.function.matlab meta.try.matlab meta.if.matlab meta.elseif.matlab
#    ^^^^^^ source.matlab meta.function.matlab meta.try.matlab meta.if.matlab meta.elseif.matlab keyword.control.elseif.matlab
#          ^ source.matlab meta.function.matlab meta.try.matlab meta.if.matlab meta.elseif.matlab meta.elseif.declaration.matlab
#           ^ source.matlab meta.function.matlab meta.try.matlab meta.if.matlab meta.elseif.matlab meta.elseif.declaration.matlab variable.other.readwrite.matlab
#            ^ source.matlab meta.function.matlab meta.try.matlab meta.if.matlab meta.elseif.matlab meta.elseif.declaration.matlab
#             ^ source.matlab meta.function.matlab meta.try.matlab meta.if.matlab meta.elseif.matlab meta.elseif.declaration.matlab keyword.operator.relational.matlab
#              ^ source.matlab meta.function.matlab meta.try.matlab meta.if.matlab meta.elseif.matlab meta.elseif.declaration.matlab
#               ^^ source.matlab meta.function.matlab meta.try.matlab meta.if.matlab meta.elseif.matlab meta.elseif.declaration.matlab constant.numeric.decimal.matlab
>        disp('y < 20');
#^^^^^^^^ source.matlab meta.function.matlab meta.try.matlab meta.if.matlab meta.elseif.matlab
#        ^^^^ source.matlab meta.function.matlab meta.try.matlab meta.if.matlab meta.elseif.matlab meta.function-call.parens.matlab entity.name.function.matlab
#            ^ source.matlab meta.function.matlab meta.try.matlab meta.if.matlab meta.elseif.matlab meta.function-call.parens.matlab punctuation.section.parens.begin.matlab
#             ^ source.matlab meta.function.matlab meta.try.matlab meta.if.matlab meta.elseif.matlab meta.function-call.parens.matlab string.quoted.single.matlab punctuation.definition.string.begin.matlab
#              ^^^^^^ source.matlab meta.function.matlab meta.try.matlab meta.if.matlab meta.elseif.matlab meta.function-call.parens.matlab string.quoted.single.matlab
#                    ^ source.matlab meta.function.matlab meta.try.matlab meta.if.matlab meta.elseif.matlab meta.function-call.parens.matlab string.quoted.single.matlab punctuation.definition.string.end.matlab
#                     ^ source.matlab meta.function.matlab meta.try.matlab meta.if.matlab meta.elseif.matlab meta.function-call.parens.matlab punctuation.section.parens.end.matlab
#                      ^ source.matlab meta.function.matlab meta.try.matlab meta.if.matlab meta.elseif.matlab punctuation.terminator.semicolon.matlab
>    else
#^^^^ source.matlab meta.function.matlab meta.try.matlab meta.if.matlab meta.elseif.matlab
#    ^^^^ source.matlab meta.function.matlab meta.try.matlab meta.if.matlab meta.else.matlab keyword.control.else.matlab
>        disp("y >= 20");
#^^^^^^^^ source.matlab meta.function.matlab meta.try.matlab meta.if.matlab meta.else.matlab
#        ^^^^ source.matlab meta.function.matlab meta.try.matlab meta.if.matlab meta.else.matlab meta.function-call.parens.matlab entity.name.function.matlab
#            ^ source.matlab meta.function.matlab meta.try.matlab meta.if.matlab meta.else.matlab meta.function-call.parens.matlab punctuation.section.parens.begin.matlab
#             ^ source.matlab meta.function.matlab meta.try.matlab meta.if.matlab meta.else.matlab meta.function-call.parens.matlab string.quoted.double.matlab punctuation.definition.string.begin.matlab
#              ^^^^^^^ source.matlab meta.function.matlab meta.try.matlab meta.if.matlab meta.else.matlab meta.function-call.parens.matlab string.quoted.double.matlab
#                     ^ source.matlab meta.function.matlab meta.try.matlab meta.if.matlab meta.else.matlab meta.function-call.parens.matlab string.quoted.double.matlab punctuation.definition.string.end.matlab
#                      ^ source.matlab meta.function.matlab meta.try.matlab meta.if.matlab meta.else.matlab meta.function-call.parens.matlab punctuation.section.parens.end.matlab
#                       ^ source.matlab meta.function.matlab meta.try.matlab meta.if.matlab meta.else.matlab punctuation.terminator.semicolon.matlab
>    end
#^^^^ source.matlab meta.function.matlab meta.try.matlab meta.if.matlab meta.else.matlab
#    ^^^ source.matlab meta.function.matlab meta.try.matlab meta.if.matlab keyword.control.end.if.matlab
>catch ME
#^^^^^ source.matlab meta.function.matlab meta.try.matlab meta.catch.matlab keyword.control.catch.matlab
#     ^ source.matlab meta.function.matlab meta.try.matlab meta.catch.matlab
#      ^^ source.matlab meta.function.matlab meta.try.matlab meta.catch.matlab variable.other.constant.matlab
>    rethrow(ME);
#^^^^ source.matlab meta.function.matlab meta.try.matlab
#    ^^^^^^^ source.matlab meta.function.matlab meta.try.matlab meta.function-call.parens.matlab entity.name.function.matlab
#           ^ source.matlab meta.function.matlab meta.try.matlab meta.function-call.parens.matlab punctuation.section.parens.begin.matlab
#            ^^ source.matlab meta.function.matlab meta.try.matlab meta.function-call.parens.matlab variable.other.readwrite.matlab
#              ^ source.matlab meta.function.matlab meta.try.matlab meta.function-call.parens.matlab punctuation.section.parens.end.matlab
#               ^ source.matlab meta.function.matlab meta.try.matlab punctuation.terminator.semicolon.matlab
>end
#^^^ source.matlab meta.function.matlab meta.try.matlab keyword.control.end.try.matlab
>while c1
#^^^^^ source.matlab meta.function.matlab meta.while.matlab keyword.control.while.matlab
#     ^ source.matlab meta.function.matlab meta.while.matlab meta.while.declaration.matlab
#      ^^ source.matlab meta.function.matlab meta.while.matlab meta.while.declaration.matlab variable.other.readwrite.matlab
>  if c2, break; end
#^^ source.matlab meta.function.matlab meta.while.matlab meta.if.matlab
#  ^^ source.matlab meta.function.matlab meta.while.matlab meta.if.matlab keyword.control.if.matlab
#    ^ source.matlab meta.function.matlab meta.while.matlab meta.if.matlab meta.if.declaration.matlab
#     ^^ source.matlab meta.function.matlab meta.while.matlab meta.if.matlab meta.if.declaration.matlab variable.other.readwrite.matlab
#       ^ source.matlab meta.function.matlab meta.while.matlab meta.if.matlab punctuation.separator.comma.matlab
#        ^ source.matlab meta.function.matlab meta.while.matlab meta.if.matlab meta.control.matlab
#         ^^^^^ source.matlab meta.function.matlab meta.while.matlab meta.if.matlab meta.control.matlab keyword.control.flow.matlab
#              ^ source.matlab meta.function.matlab meta.while.matlab meta.if.matlab punctuation.terminator.semicolon.matlab
#               ^ source.matlab meta.function.matlab meta.while.matlab meta.if.matlab
#                ^^^ source.matlab meta.function.matlab meta.while.matlab meta.if.matlab keyword.control.end.if.matlab
>end
#^^^ source.matlab meta.function.matlab meta.while.matlab keyword.control.end.while.matlab
>