>classdef PropertyValidation
#^^^^^^^^ source.matlab meta.class.matlab storage.type.class.matlab
#        ^ source.matlab meta.class.matlab
#         ^^^^^^^^^^^^^^^^^^ source.matlab meta.class.matlab meta.class.declaration.matlab entity.name.type.class.matlab
>    properties (GetAccess = 'public', SetAccess = 'private')
#^^^^ source.matlab meta.class.matlab meta.properties.matlab
#    ^^^^^^^^^^ source.matlab meta.class.matlab meta.properties.matlab keyword.control.properties.matlab
#              ^^ source.matlab meta.class.matlab meta.properties.matlab
#                ^^^^^^^^^ source.matlab meta.class.matlab meta.properties.matlab storage.modifier.properties.matlab
#                         ^ source.matlab meta.class.matlab meta.properties.matlab
#                          ^ source.matlab meta.class.matlab meta.properties.matlab keyword.operator.assignment.matlab
#                           ^ source.matlab meta.class.matlab meta.properties.matlab
#                            ^ source.matlab meta.class.matlab meta.properties.matlab string.quoted.single.matlab punctuation.definition.string.begin.matlab
#                             ^^^^^^ source.matlab meta.class.matlab meta.properties.matlab string.quoted.single.matlab
#                                   ^ source.matlab meta.class.matlab meta.properties.matlab string.quoted.single.matlab punctuation.definition.string.end.matlab
#                                    ^ source.matlab meta.class.matlab meta.properties.matlab punctuation.separator.modifier.comma.matlab
#                                     ^ source.matlab meta.class.matlab meta.properties.matlab
#                                      ^^^^^^^^^ source.matlab meta.class.matlab meta.properties.matlab storage.modifier.properties.matlab
#                                               ^ source.matlab meta.class.matlab meta.properties.matlab
#                                                ^ source.matlab meta.class.matlab meta.properties.matlab keyword.operator.assignment.matlab
#                                                 ^ source.matlab meta.class.matlab meta.properties.matlab
#                                                  ^ source.matlab meta.class.matlab meta.properties.matlab string.quoted.single.matlab punctuation.definition.string.begin.matlab
#                                                   ^^^^^^^ source.matlab meta.class.matlab meta.properties.matlab string.quoted.single.matlab
#                                                          ^ source.matlab meta.class.matlab meta.properties.matlab string.quoted.single.matlab punctuation.definition.string.end.matlab
#                                                           ^^ source.matlab meta.class.matlab meta.properties.matlab
>        % Commentary in the properties block
#^^^^^^^^ source.matlab meta.class.matlab meta.properties.matlab punctuation.whitespace.comment.leading.matlab
#        ^ source.matlab meta.class.matlab meta.properties.matlab comment.line.percentage.matlab punctuation.definition.comment.matlab
#         ^^^^^^^^^^^^^^^^^^^^^^^^^^^^^^^^^^^ source.matlab meta.class.matlab meta.properties.matlab comment.line.percentage.matlab
>        Prop % comment
#^^^^^^^^ source.matlab meta.class.matlab meta.properties.matlab meta.assignment.definition.property.matlab
#        ^^^^ source.matlab meta.class.matlab meta.properties.matlab meta.assignment.definition.property.matlab variable.object.property.matlab
#            ^ source.matlab meta.class.matlab meta.properties.matlab meta.assignment.definition.property.matlab
#             ^ source.matlab meta.class.matlab meta.properties.matlab meta.assignment.definition.property.matlab comment.line.percentage.matlab punctuation.definition.comment.matlab
#              ^^^^^^^^ source.matlab meta.class.matlab meta.properties.matlab meta.assignment.definition.property.matlab comment.line.percentage.matlab
>        PropType some.type
#^^^^^^^^ source.matlab meta.class.matlab meta.properties.matlab meta.assignment.definition.property.matlab
#        ^^^^^^^^ source.matlab meta.class.matlab meta.properties.matlab meta.assignment.definition.property.matlab variable.object.property.matlab
#                ^ source.matlab meta.class.matlab meta.properties.matlab meta.assignment.definition.property.matlab
#                 ^^^^^^^^^ source.matlab meta.class.matlab meta.properties.matlab meta.assignment.definition.property.matlab storage.type.matlab
>        PropSize (1,2) % comment
#^^^^^^^^ source.matlab meta.class.matlab meta.properties.matlab meta.assignment.definition.property.matlab
#        ^^^^^^^^ source.matlab meta.class.matlab meta.properties.matlab meta.assignment.definition.property.matlab variable.object.property.matlab
#                ^ source.matlab meta.class.matlab meta.properties.matlab meta.assignment.definition.property.matlab
#                 ^ source.matlab meta.class.matlab meta.properties.matlab meta.assignment.definition.property.matlab punctuation.section.parens.begin.matlab
#                  ^ source.matlab meta.class.matlab meta.properties.matlab meta.assignment.definition.property.matlab meta.parens.size.matlab constant.numeric.decimal.matlab
#                   ^ source.matlab meta.class.matlab meta.properties.matlab meta.assignment.definition.property.matlab meta.parens.size.matlab punctuation.separator.comma.matlab
#                    ^ source.matlab meta.class.matlab meta.properties.matlab meta.assignment.definition.property.matlab meta.parens.size.matlab constant.numeric.decimal.matlab
#                     ^ source.matlab meta.class.matlab meta.properties.matlab meta.assignment.definition.property.matlab punctuation.section.parens.end.matlab
#                      ^ source.matlab meta.class.matlab meta.properties.matlab meta.assignment.definition.property.matlab
#                       ^ source.matlab meta.class.matlab meta.properties.matlab meta.assignment.definition.property.matlab comment.line.percentage.matlab punctuation.definition.comment.matlab
#                        ^^^^^^^^ source.matlab meta.class.matlab meta.properties.matlab meta.assignment.definition.property.matlab comment.line.percentage.matlab
>        PropSizeType (:, 3) int64; % another comment
#^^^^^^^^ source.matlab meta.class.matlab meta.properties.matlab meta.assignment.definition.property.matlab
#        ^^^^^^^^^^^^ source.matlab meta.class.matlab meta.properties.matlab meta.assignment.definition.property.matlab variable.object.property.matlab
#                    ^ source.matlab meta.class.matlab meta.properties.matlab meta.assignment.definition.property.matlab
#                     ^ source.matlab meta.class.matlab meta.properties.matlab meta.assignment.definition.property.matlab punctuation.section.parens.begin.matlab
#                      ^ source.matlab meta.class.matlab meta.properties.matlab meta.assignment.definition.property.matlab meta.parens.size.matlab keyword.operator.vector.colon.matlab
#                       ^ source.matlab meta.class.matlab meta.properties.matlab meta.assignment.definition.property.matlab meta.parens.size.matlab punctuation.separator.comma.matlab
#                        ^ source.matlab meta.class.matlab meta.properties.matlab meta.assignment.definition.property.matlab meta.parens.size.matlab
#                         ^ source.matlab meta.class.matlab meta.properties.matlab meta.assignment.definition.property.matlab meta.parens.size.matlab constant.numeric.decimal.matlab
#                          ^ source.matlab meta.class.matlab meta.properties.matlab meta.assignment.definition.property.matlab punctuation.section.parens.end.matlab
#                           ^ source.matlab meta.class.matlab meta.properties.matlab meta.assignment.definition.property.matlab
#                            ^^^^^ source.matlab meta.class.matlab meta.properties.matlab meta.assignment.definition.property.matlab storage.type.matlab
#                                 ^ source.matlab meta.class.matlab meta.properties.matlab meta.assignment.definition.property.matlab punctuation.terminator.semicolon.matlab
#                                  ^ source.matlab meta.class.matlab meta.properties.matlab meta.assignment.definition.property.matlab
#                                   ^ source.matlab meta.class.matlab meta.properties.matlab meta.assignment.definition.property.matlab comment.line.percentage.matlab punctuation.definition.comment.matlab
#                                    ^^^^^^^^^^^^^^^^ source.matlab meta.class.matlab meta.properties.matlab meta.assignment.definition.property.matlab comment.line.percentage.matlab
>        PropSizeTypeFcn  (:, 3) foo.bar.baz {mustBeReal}
#^^^^^^^^ source.matlab meta.class.matlab meta.properties.matlab meta.assignment.definition.property.matlab
#        ^^^^^^^^^^^^^^^ source.matlab meta.class.matlab meta.properties.matlab meta.assignment.definition.property.matlab variable.object.property.matlab
#                       ^^ source.matlab meta.class.matlab meta.properties.matlab meta.assignment.definition.property.matlab
#                         ^ source.matlab meta.class.matlab meta.properties.matlab meta.assignment.definition.property.matlab punctuation.section.parens.begin.matlab
#                          ^ source.matlab meta.class.matlab meta.properties.matlab meta.assignment.definition.property.matlab meta.parens.size.matlab keyword.operator.vector.colon.matlab
#                           ^ source.matlab meta.class.matlab meta.properties.matlab meta.assignment.definition.property.matlab meta.parens.size.matlab punctuation.separator.comma.matlab
#                            ^ source.matlab meta.class.matlab meta.properties.matlab meta.assignment.definition.property.matlab meta.parens.size.matlab
#                             ^ source.matlab meta.class.matlab meta.properties.matlab meta.assignment.definition.property.matlab meta.parens.size.matlab constant.numeric.decimal.matlab
#                              ^ source.matlab meta.class.matlab meta.properties.matlab meta.assignment.definition.property.matlab punctuation.section.parens.end.matlab
#                               ^ source.matlab meta.class.matlab meta.properties.matlab meta.assignment.definition.property.matlab
#                                ^^^^^^^^^^^ source.matlab meta.class.matlab meta.properties.matlab meta.assignment.definition.property.matlab storage.type.matlab
#                                           ^ source.matlab meta.class.matlab meta.properties.matlab meta.assignment.definition.property.matlab
#                                            ^ source.matlab meta.class.matlab meta.properties.matlab meta.assignment.definition.property.matlab punctuation.section.block.begin.matlab
#                                             ^^^^^^^^^^ source.matlab meta.class.matlab meta.properties.matlab meta.assignment.definition.property.matlab meta.block.validation.matlab variable.other.readwrite.matlab
#                                                       ^ source.matlab meta.class.matlab meta.properties.matlab meta.assignment.definition.property.matlab punctuation.section.block.end.matlab
>        PropInit = "string"
#^^^^^^^^ source.matlab meta.class.matlab meta.properties.matlab meta.assignment.definition.property.matlab
#        ^^^^^^^^ source.matlab meta.class.matlab meta.properties.matlab meta.assignment.definition.property.matlab variable.object.property.matlab
#                ^ source.matlab meta.class.matlab meta.properties.matlab meta.assignment.definition.property.matlab
#                 ^ source.matlab meta.class.matlab meta.properties.matlab meta.assignment.definition.property.matlab keyword.operator.assignment.matlab
#                  ^ source.matlab meta.class.matlab meta.properties.matlab meta.assignment.definition.property.matlab
#                   ^ source.matlab meta.class.matlab meta.properties.matlab meta.assignment.definition.property.matlab string.quoted.double.matlab punctuation.definition.string.begin.matlab
#                    ^^^^^^ source.matlab meta.class.matlab meta.properties.matlab meta.assignment.definition.property.matlab string.quoted.double.matlab
#                          ^ source.matlab meta.class.matlab meta.properties.matlab meta.assignment.definition.property.matlab string.quoted.double.matlab punctuation.definition.string.end.matlab
>        PropTypeInit some.type = some.type(1)
#^^^^^^^^ source.matlab meta.class.matlab meta.properties.matlab meta.assignment.definition.property.matlab
#        ^^^^^^^^^^^^ source.matlab meta.class.matlab meta.properties.matlab meta.assignment.definition.property.matlab variable.object.property.matlab
#                    ^ source.matlab meta.class.matlab meta.properties.matlab meta.assignment.definition.property.matlab
#                     ^^^^^^^^^ source.matlab meta.class.matlab meta.properties.matlab meta.assignment.definition.property.matlab storage.type.matlab
#                              ^ source.matlab meta.class.matlab meta.properties.matlab meta.assignment.definition.property.matlab
#                               ^ source.matlab meta.class.matlab meta.properties.matlab meta.assignment.definition.property.matlab keyword.operator.assignment.matlab
#                                ^ source.matlab meta.class.matlab meta.properties.matlab meta.assignment.definition.property.matlab
#                                 ^^^^ source.matlab meta.class.matlab meta.properties.matlab meta.assignment.definition.property.matlab variable.other.readwrite.matlab
#                                     ^ source.matlab meta.class.matlab meta.properties.matlab meta.assignment.definition.property.matlab punctuation.accessor.dot.matlab
#                                      ^^^^ source.matlab meta.class.matlab meta.properties.matlab meta.assignment.definition.property.matlab meta.function-call.parens.matlab entity.name.function.matlab
#                                          ^ source.matlab meta.class.matlab meta.properties.matlab meta.assignment.definition.property.matlab meta.function-call.parens.matlab punctuation.section.parens.begin.matlab
#                                           ^ source.matlab meta.class.matlab meta.properties.matlab meta.assignment.definition.property.matlab meta.function-call.parens.matlab constant.numeric.decimal.matlab
#                                            ^ source.matlab meta.class.matlab meta.properties.matlab meta.assignment.definition.property.matlab meta.function-call.parens.matlab punctuation.section.parens.end.matlab
>        PropSizeInit (1,2) = 'char'
#^^^^^^^^ source.matlab meta.class.matlab meta.properties.matlab meta.assignment.definition.property.matlab
#        ^^^^^^^^^^^^ source.matlab meta.class.matlab meta.properties.matlab meta.assignment.definition.property.matlab variable.object.property.matlab
#                    ^ source.matlab meta.class.matlab meta.properties.matlab meta.assignment.definition.property.matlab
#                     ^ source.matlab meta.class.matlab meta.properties.matlab meta.assignment.definition.property.matlab punctuation.section.parens.begin.matlab
#                      ^ source.matlab meta.class.matlab meta.properties.matlab meta.assignment.definition.property.matlab meta.parens.size.matlab constant.numeric.decimal.matlab
#                       ^ source.matlab meta.class.matlab meta.properties.matlab meta.assignment.definition.property.matlab meta.parens.size.matlab punctuation.separator.comma.matlab
#                        ^ source.matlab meta.class.matlab meta.properties.matlab meta.assignment.definition.property.matlab meta.parens.size.matlab constant.numeric.decimal.matlab
#                         ^ source.matlab meta.class.matlab meta.properties.matlab meta.assignment.definition.property.matlab punctuation.section.parens.end.matlab
#                          ^ source.matlab meta.class.matlab meta.properties.matlab meta.assignment.definition.property.matlab
#                           ^ source.matlab meta.class.matlab meta.properties.matlab meta.assignment.definition.property.matlab keyword.operator.assignment.matlab
#                            ^ source.matlab meta.class.matlab meta.properties.matlab meta.assignment.definition.property.matlab
#                             ^ source.matlab meta.class.matlab meta.properties.matlab meta.assignment.definition.property.matlab string.quoted.single.matlab punctuation.definition.string.begin.matlab
#                              ^^^^ source.matlab meta.class.matlab meta.properties.matlab meta.assignment.definition.property.matlab string.quoted.single.matlab
#                                  ^ source.matlab meta.class.matlab meta.properties.matlab meta.assignment.definition.property.matlab string.quoted.single.matlab punctuation.definition.string.end.matlab
>        PropSizeTypeInit (:, 3, 6) int64 = rand
#^^^^^^^^ source.matlab meta.class.matlab meta.properties.matlab meta.assignment.definition.property.matlab
#        ^^^^^^^^^^^^^^^^ source.matlab meta.class.matlab meta.properties.matlab meta.assignment.definition.property.matlab variable.object.property.matlab
#                        ^ source.matlab meta.class.matlab meta.properties.matlab meta.assignment.definition.property.matlab
#                         ^ source.matlab meta.class.matlab meta.properties.matlab meta.assignment.definition.property.matlab punctuation.section.parens.begin.matlab
#                          ^ source.matlab meta.class.matlab meta.properties.matlab meta.assignment.definition.property.matlab meta.parens.size.matlab keyword.operator.vector.colon.matlab
#                           ^ source.matlab meta.class.matlab meta.properties.matlab meta.assignment.definition.property.matlab meta.parens.size.matlab punctuation.separator.comma.matlab
#                            ^ source.matlab meta.class.matlab meta.properties.matlab meta.assignment.definition.property.matlab meta.parens.size.matlab
#                             ^ source.matlab meta.class.matlab meta.properties.matlab meta.assignment.definition.property.matlab meta.parens.size.matlab constant.numeric.decimal.matlab
#                              ^ source.matlab meta.class.matlab meta.properties.matlab meta.assignment.definition.property.matlab meta.parens.size.matlab punctuation.separator.comma.matlab
#                               ^ source.matlab meta.class.matlab meta.properties.matlab meta.assignment.definition.property.matlab meta.parens.size.matlab
#                                ^ source.matlab meta.class.matlab meta.properties.matlab meta.assignment.definition.property.matlab meta.parens.size.matlab constant.numeric.decimal.matlab
#                                 ^ source.matlab meta.class.matlab meta.properties.matlab meta.assignment.definition.property.matlab punctuation.section.parens.end.matlab
#                                  ^ source.matlab meta.class.matlab meta.properties.matlab meta.assignment.definition.property.matlab
#                                   ^^^^^ source.matlab meta.class.matlab meta.properties.matlab meta.assignment.definition.property.matlab storage.type.matlab
#                                        ^ source.matlab meta.class.matlab meta.properties.matlab meta.assignment.definition.property.matlab
#                                         ^ source.matlab meta.class.matlab meta.properties.matlab meta.assignment.definition.property.matlab keyword.operator.assignment.matlab
#                                          ^ source.matlab meta.class.matlab meta.properties.matlab meta.assignment.definition.property.matlab
#                                           ^^^^ source.matlab meta.class.matlab meta.properties.matlab meta.assignment.definition.property.matlab variable.other.readwrite.matlab
>        PropSizeTypeFcnInit  (:, 3) foo.bar.baz {mustBeReal} = pi;
#^^^^^^^^ source.matlab meta.class.matlab meta.properties.matlab meta.assignment.definition.property.matlab
#        ^^^^^^^^^^^^^^^^^^^ source.matlab meta.class.matlab meta.properties.matlab meta.assignment.definition.property.matlab variable.object.property.matlab
#                           ^^ source.matlab meta.class.matlab meta.properties.matlab meta.assignment.definition.property.matlab
#                             ^ source.matlab meta.class.matlab meta.properties.matlab meta.assignment.definition.property.matlab punctuation.section.parens.begin.matlab
#                              ^ source.matlab meta.class.matlab meta.properties.matlab meta.assignment.definition.property.matlab meta.parens.size.matlab keyword.operator.vector.colon.matlab
#                               ^ source.matlab meta.class.matlab meta.properties.matlab meta.assignment.definition.property.matlab meta.parens.size.matlab punctuation.separator.comma.matlab
#                                ^ source.matlab meta.class.matlab meta.properties.matlab meta.assignment.definition.property.matlab meta.parens.size.matlab
#                                 ^ source.matlab meta.class.matlab meta.properties.matlab meta.assignment.definition.property.matlab meta.parens.size.matlab constant.numeric.decimal.matlab
#                                  ^ source.matlab meta.class.matlab meta.properties.matlab meta.assignment.definition.property.matlab punctuation.section.parens.end.matlab
#                                   ^ source.matlab meta.class.matlab meta.properties.matlab meta.assignment.definition.property.matlab
#                                    ^^^^^^^^^^^ source.matlab meta.class.matlab meta.properties.matlab meta.assignment.definition.property.matlab storage.type.matlab
#                                               ^ source.matlab meta.class.matlab meta.properties.matlab meta.assignment.definition.property.matlab
#                                                ^ source.matlab meta.class.matlab meta.properties.matlab meta.assignment.definition.property.matlab punctuation.section.block.begin.matlab
#                                                 ^^^^^^^^^^ source.matlab meta.class.matlab meta.properties.matlab meta.assignment.definition.property.matlab meta.block.validation.matlab variable.other.readwrite.matlab
#                                                           ^ source.matlab meta.class.matlab meta.properties.matlab meta.assignment.definition.property.matlab punctuation.section.block.end.matlab
#                                                            ^ source.matlab meta.class.matlab meta.properties.matlab meta.assignment.definition.property.matlab
#                                                             ^ source.matlab meta.class.matlab meta.properties.matlab meta.assignment.definition.property.matlab keyword.operator.assignment.matlab
#                                                              ^ source.matlab meta.class.matlab meta.properties.matlab meta.assignment.definition.property.matlab
#                                                               ^^ source.matlab meta.class.matlab meta.properties.matlab meta.assignment.definition.property.matlab constant.numeric.matlab
#                                                                 ^ source.matlab meta.class.matlab meta.properties.matlab meta.assignment.definition.property.matlab punctuation.terminator.semicolon.matlab
>        % Ending commentary
#^^^^^^^^ source.matlab meta.class.matlab meta.properties.matlab punctuation.whitespace.comment.leading.matlab
#        ^ source.matlab meta.class.matlab meta.properties.matlab comment.line.percentage.matlab punctuation.definition.comment.matlab
#         ^^^^^^^^^^^^^^^^^^ source.matlab meta.class.matlab meta.properties.matlab comment.line.percentage.matlab
>    end
#^^^^ source.matlab meta.class.matlab meta.properties.matlab
#    ^^^ source.matlab meta.class.matlab meta.properties.matlab keyword.control.end.properties.matlab
>end
#^^^ source.matlab meta.class.matlab storage.type.class.end.matlab
>